// Jest Snapshot v1, https://goo.gl/fbAQLP

exports[`App Snapshot renders 1`] = `
<div
  className="App"
>
  <header
    className="App-header"
  >
    <img
      alt="logo"
      className="App-logo"
      src="logo.svg"
    />
  </header>
  <h2
    className="App-title"
  >
    Welcome to ContactBook!
  </h2>
  <p>
    Search for contacts and send them messages with ease.
  </p>
  <div
    className="App-searchbar"
  >
    <input
      className="App-searchbar-input"
      onChange={[Function]}
      type="text"
      value=""
    />
  </div>
  <p
    className="App-helptext"
  >
    Type at least 2 characters/numbers to start searching
  </p>
  <div
    className="App-contacts"
  />
</div>
`;
